using COM4
-> SET_TIME (20:35:42, tz +480 min)
gateway ready - type lines to send framed text to the watch
  | [Link] clock set to 2026-09-15 20:35:42 (tz=UTC-8:00)
  | [Link] gateway online (hello)
  | [IMU] gyro bias=(-1.37,3.27,0.23) deg/s (n=37)
<- PONG uptime=2769347546 ms  rtt=55 ms
<- @LLMREQ 1 You are a wrist-watch running coach. The user has been idle. Reply with ONE motivating tip, max 60 characters.
   answer: (no api key)
<- @AI proactive-ask
  | [LCD] setpower=1
  | [PM] -> IDLE (fps=15)
  | [LCD] setpower=0
  | [PM] -> SLEEP
  | [Mic] started: rate=0 src=0 osr=0 div=0 op=0 vol=0
<- @TOOL mic
<- mic up: n=0 peak=0 rms=0 (gain vol=0)
  | [IMU] gyro bias re-cal (-1.35,3.25,0.26) deg/s
  | [MicREG] CFG=00000001 ADC_CFG=00000000 CH0_CFG=00010a9d ENTRY=00000000
  | [MicREG] PLL2=00022f80 PLL3=4053126f STAT=00000000 BG0=00001931 BG1=00000000 BG2=00000000
  | [MicREG] PLL6=00dc21c0 ADC1_1=00125ab3 ADC1_2=0000000e ADC2_2=0000000e
  | [MicREG] dma inst=0x50081044 ccr=00002aaf cndtr=1024 running=1
<- @TOOL mic
<- regs dumped
  | [LCD] setpower=1
  | [0
  | m[AC] waiting 3D motion span=(201,92,143) n=160
  | [LCD] setpower=1
  | [0
  | m[LCD] setpower=1
  | [0
  | m[LCD] setpower=1
  | [0
  | m[LCD] setpower=1
  | [0
